D:\@home\aero\comfy\ComfyUI\custom_nodes\ComfyUI-TRELLIS2\_env_trellis2\Scripts\python.exe : F.FE
At line:1 char:1
+ D:\@home\aero\comfy\ComfyUI\custom_nodes\ComfyUI-TRELLIS2\_env_trelli ...
+ ~~~~~~~~~~~~~~~~~~~~~~~~~~~~~~~~~~~~~~~~~~~~~~~~~~~~~~~~~~~~~~~~~~~~~
    + CategoryInfo          : NotSpecified: (F.FE:String) [], RemoteException
    + FullyQualifiedErrorId : NativeCommandError
 
======================================================================
ERROR: test_sparse_rms_norm_with_ggml_gamma 
(__main__.TestGGUFInferenceRobustness.test_sparse_rms_norm_with_ggml_gamma)
Verify SparseMultiHeadRMSNorm handles GGMLTensor gamma correctly
----------------------------------------------------------------------
Traceback (most recent call last):
  File 
"D:\@home\aero\comfy\ComfyUI\custom_nodes\ComfyUI-TRELLIS2\tests\test_gguf_inference_robustness.py", 
line 56, in test_sparse_rms_norm_with_ggml_gamma
    out = norm(x)
          ^^^^^^^
  File "D:\@home\aero\comfy\ComfyUI\custom_nodes\ComfyUI-TRELLIS2\_env_trellis2\Lib\site-packages\torc
h\nn\modules\module.py", line 1773, in _wrapped_call_impl
    return self._call_impl(*args, **kwargs)
           ^^^^^^^^^^^^^^^^^^^^^^^^^^^^^^^^
  File "D:\@home\aero\comfy\ComfyUI\custom_nodes\ComfyUI-TRELLIS2\_env_trellis2\Lib\site-packages\torc
h\nn\modules\module.py", line 1784, in _call_impl
    return forward_call(*args, **kwargs)
           ^^^^^^^^^^^^^^^^^^^^^^^^^^^^^
  File "D:\@home\aero\comfy\ComfyUI\custom_nodes\ComfyUI-TRELLIS2\trellis2\modules\sparse\attention\mo
dules.py", line 45, in forward
    x = F.normalize(x, dim=-1) * gamma * self.scale
        ~~~~~~~~~~~~~~~~~~~~~~~^~~~~~~
  File "D:\@home\aero\comfy\ComfyUI\custom_nodes\ComfyUI-TRELLIS2\_env_trellis2\Lib\site-packages\torc
h\_tensor.py", line 1669, in __torch_function__
    ret = func(*args, **kwargs)
          ^^^^^^^^^^^^^^^^^^^^^
RuntimeError: The size of tensor a (10) must match the size of tensor b (4) at non-singleton 
dimension 1

======================================================================
FAIL: test_dequantize_tensor_returns_regular_tensor 
(__main__.TestGGUFInferenceRobustness.test_dequantize_tensor_returns_regular_tensor)
Verify dequantize_tensor returns a regular torch.Tensor, not GGMLTensor
----------------------------------------------------------------------
Traceback (most recent call last):
  File 
"D:\@home\aero\comfy\ComfyUI\custom_nodes\ComfyUI-TRELLIS2\tests\test_gguf_inference_robustness.py", 
line 37, in test_dequantize_tensor_returns_regular_tensor
    self.assertNotIsInstance(result, GGMLTensor, "dequantize_tensor returned GGMLTensor subclass!")
AssertionError: GGMLTensor([[ 0.2832,  0.1884, -1.1995,  0.4261, -1.2184, -0.0755, -1.6152,
              0.7303, -0.4733,  0.8596],
            [-0.0375,  0.0088,  0.2456, -1.4126,  1.3056,  2.6940,  0.8917,
              1.2299,  0.5058, -1.4071],
            [ 0.7135, -0.7801, -0.5522, -0.3614,  0.5831, -0.8044,  0.8977,
              0.7251, -0.7670,  1.0228],
            [-1.8180,  1.0729,  1.1514,  0.1322, -0.7838,  0.1939,  1.5405,
              0.5507, -0.0464,  1.0859],
            [-1.0414,  0.1675,  0.4677,  0.1392, -0.0223, -0.8914,  1.8220,
              0.2591, -1.3688,  1.7962],
            [ 1.8651, -0.6453, -0.4009, -0.0670, -0.1108, -0.6079, -0.2506,
             -0.6104,  0.0985, -0.5015],
            [ 0.6523,  0.2102,  1.6058,  0.6474, -1.0114, -0.4570,  1.1052,
             -0.8098, -0.7806,  1.6375],
            [-1.7957, -1.7323,  1.5526,  1.0375,  1.4702,  0.1943, -0.2420,
             -0.6042, -0.6622, -0.8245],
            [-0.2319,  0.6106,  0.4503,  1.7002,  1.1703, -0.5955, -0.3046,
              0.3577, -1.4728, -1.0769],
            [ 0.9799, -2.8112,  0.6799, -0.5099,  0.2873, -2.0905, -2.0149,
              0.6418,  0.6688, -0.3763]]) is an instance of <class 
'trellis2.utils.gguf_utils.GGMLTensor'> : dequantize_tensor returned GGMLTensor subclass!

======================================================================
FAIL: test_sparse_attention_with_ggml_inputs 
(__main__.TestGGUFInferenceRobustness.test_sparse_attention_with_ggml_inputs)
Verify SparseMultiHeadAttention handles inputs that might have interacted with GGMLTensors
----------------------------------------------------------------------
Traceback (most recent call last):
  File 
"D:\@home\aero\comfy\ComfyUI\custom_nodes\ComfyUI-TRELLIS2\tests\test_gguf_inference_robustness.py", 
line 95, in test_sparse_attention_with_ggml_inputs
    out = attn(x)
          ^^^^^^^
  File "D:\@home\aero\comfy\ComfyUI\custom_nodes\ComfyUI-TRELLIS2\_env_trellis2\Lib\site-packages\torc
h\nn\modules\module.py", line 1773, in _wrapped_call_impl
    return self._call_impl(*args, **kwargs)
           ^^^^^^^^^^^^^^^^^^^^^^^^^^^^^^^^
  File "D:\@home\aero\comfy\ComfyUI\custom_nodes\ComfyUI-TRELLIS2\_env_trellis2\Lib\site-packages\torc
h\nn\modules\module.py", line 1784, in _call_impl
    return forward_call(*args, **kwargs)
           ^^^^^^^^^^^^^^^^^^^^^^^^^^^^^
  File "D:\@home\aero\comfy\ComfyUI\custom_nodes\ComfyUI-TRELLIS2\trellis2\modules\sparse\attention\mo
dules.py", line 139, in forward
    h = sparse_scaled_dot_product_attention(qkv)
        ^^^^^^^^^^^^^^^^^^^^^^^^^^^^^^^^^^^^^^^^
  File "D:\@home\aero\comfy\ComfyUI\custom_nodes\ComfyUI-TRELLIS2\trellis2\modules\sparse\attention\fu
ll_attn.py", line 191, in sparse_scaled_dot_product_attention
    out = flash_attn.flash_attn_varlen_qkvpacked_func(qkv, cu_seqlens_q, max(q_seqlen))
          ^^^^^^^^^^^^^^^^^^^^^^^^^^^^^^^^^^^^^^^^^^^^^^^^^^^^^^^^^^^^^^^^^^^^^^^^^^^^^
  File "D:\@home\aero\comfy\ComfyUI\custom_nodes\ComfyUI-TRELLIS2\_env_trellis2\Lib\site-packages\flas
h_attn\flash_attn_interface.py", line 1262, in flash_attn_varlen_qkvpacked_func
    return FlashAttnVarlenQKVPackedFunc.apply(
           ^^^^^^^^^^^^^^^^^^^^^^^^^^^^^^^^^^^
  File "D:\@home\aero\comfy\ComfyUI\custom_nodes\ComfyUI-TRELLIS2\_env_trellis2\Lib\site-packages\torc
h\autograd\function.py", line 576, in apply
    return super().apply(*args, **kwargs)  # type: ignore[misc]
           ^^^^^^^^^^^^^^^^^^^^^^^^^^^^^^
  File "D:\@home\aero\comfy\ComfyUI\custom_nodes\ComfyUI-TRELLIS2\_env_trellis2\Lib\site-packages\flas
h_attn\flash_attn_interface.py", line 548, in forward
    out_padded, softmax_lse, S_dmask, rng_state = _wrapped_flash_attn_varlen_forward(
                                                  ^^^^^^^^^^^^^^^^^^^^^^^^^^^^^^^^^^^
  File "D:\@home\aero\comfy\ComfyUI\custom_nodes\ComfyUI-TRELLIS2\_env_trellis2\Lib\site-packages\torc
h\_ops.py", line 1243, in __call__
    return self._op(*args, **kwargs)
           ^^^^^^^^^^^^^^^^^^^^^^^^^
  File "D:\@home\aero\comfy\ComfyUI\custom_nodes\ComfyUI-TRELLIS2\_env_trellis2\Lib\site-packages\torc
h\_tensor.py", line 1669, in __torch_function__
    ret = func(*args, **kwargs)
          ^^^^^^^^^^^^^^^^^^^^^
  File "D:\@home\aero\comfy\ComfyUI\custom_nodes\ComfyUI-TRELLIS2\_env_trellis2\Lib\site-packages\torc
h\_ops.py", line 1243, in __call__
    return self._op(*args, **kwargs)
           ^^^^^^^^^^^^^^^^^^^^^^^^^
  File "D:\@home\aero\comfy\ComfyUI\custom_nodes\ComfyUI-TRELLIS2\_env_trellis2\Lib\site-packages\torc
h\_library\autograd.py", line 111, in autograd_impl
    result = forward_no_grad(*args, Metadata(keyset, keyword_only_args))
             ^^^^^^^^^^^^^^^^^^^^^^^^^^^^^^^^^^^^^^^^^^^^^^^^^^^^^^^^^^^
  File "D:\@home\aero\comfy\ComfyUI\custom_nodes\ComfyUI-TRELLIS2\_env_trellis2\Lib\site-packages\torc
h\_library\autograd.py", line 40, in forward_no_grad
    result = op.redispatch(keyset & _C._after_autograd_keyset, *args, **kwargs)
             ^^^^^^^^^^^^^^^^^^^^^^^^^^^^^^^^^^^^^^^^^^^^^^^^^^^^^^^^^^^^^^^^^^
  File "D:\@home\aero\comfy\ComfyUI\custom_nodes\ComfyUI-TRELLIS2\_env_trellis2\Lib\site-packages\torc
h\_ops.py", line 836, in redispatch
    return self._handle.redispatch_boxed(keyset, *args, **kwargs)  # type: ignore[return-value]
           ^^^^^^^^^^^^^^^^^^^^^^^^^^^^^^^^^^^^^^^^^^^^^^^^^^^^^^
NotImplementedError: Could not run 'flash_attn::_flash_attn_varlen_forward' with arguments from the 
'CPU' backend. This could be because the operator doesn't exist for this backend, or was omitted 
during the selective/custom build process (if using custom build). If you are a Facebook employee 
using PyTorch on mobile, please visit https://fburl.com/ptmfixes for possible resolutions. 
'flash_attn::_flash_attn_varlen_forward' is only available for these backends: [CUDA, Meta, 
BackendSelect, Python, FuncTorchDynamicLayerBackMode, Functionalize, Named, Conjugate, Negative, 
ZeroTensor, ADInplaceOrView, AutogradOther, AutogradCPU, AutogradCUDA, AutogradHIP, AutogradXLA, 
AutogradMPS, AutogradIPU, AutogradXPU, AutogradHPU, AutogradVE, AutogradLazy, AutogradMTIA, 
AutogradMAIA, AutogradPrivateUse1, AutogradPrivateUse2, AutogradPrivateUse3, AutogradMeta, 
AutogradNestedTensor, Tracer, AutocastCPU, AutocastMTIA, AutocastMAIA, AutocastXPU, AutocastMPS, 
AutocastCUDA, FuncTorchBatched, BatchedNestedTensor, FuncTorchVmapMode, Batched, VmapMode, 
FuncTorchGradWrapper, PythonTLSSnapshot, FuncTorchDynamicLayerFrontMode, PreDispatch, 
PythonDispatcher].

CUDA: registered at /dev/null:212 [kernel]
Meta: registered at /dev/null:212 [kernel]
BackendSelect: fallthrough registered at 
C:\actions-runner\_work\pytorch\pytorch\pytorch\aten\src\ATen\core\BackendSelectFallbackKernel.cpp:3 
[backend fallback]
Python: registered at 
C:\actions-runner\_work\pytorch\pytorch\pytorch\aten\src\ATen\core\PythonFallbackKernel.cpp:194 
[backend fallback]
FuncTorchDynamicLayerBackMode: registered at 
C:\actions-runner\_work\pytorch\pytorch\pytorch\aten\src\ATen\functorch\DynamicLayer.cpp:479 [backend 
fallback]
Functionalize: registered at 
C:\actions-runner\_work\pytorch\pytorch\pytorch\aten\src\ATen\FunctionalizeFallbackKernel.cpp:375 
[backend fallback]
Named: registered at 
C:\actions-runner\_work\pytorch\pytorch\pytorch\aten\src\ATen\core\NamedRegistrations.cpp:7 [backend 
fallback]
Conjugate: registered at 
C:\actions-runner\_work\pytorch\pytorch\pytorch\aten\src\ATen\ConjugateFallback.cpp:17 [backend 
fallback]
Negative: registered at 
C:\actions-runner\_work\pytorch\pytorch\pytorch\aten\src\ATen\native\NegateFallback.cpp:18 [backend 
fallback]
ZeroTensor: registered at 
C:\actions-runner\_work\pytorch\pytorch\pytorch\aten\src\ATen\ZeroTensorFallback.cpp:86 [backend 
fallback]
ADInplaceOrView: fallthrough registered at 
C:\actions-runner\_work\pytorch\pytorch\pytorch\aten\src\ATen\core\VariableFallbackKernel.cpp:104 
[backend fallback]
AutogradOther: registered at /dev/null:212 [autograd kernel]
AutogradCPU: registered at /dev/null:212 [autograd kernel]
AutogradCUDA: registered at /dev/null:212 [autograd kernel]
AutogradHIP: registered at /dev/null:212 [autograd kernel]
AutogradXLA: registered at /dev/null:212 [autograd kernel]
AutogradMPS: registered at /dev/null:212 [autograd kernel]
AutogradIPU: registered at /dev/null:212 [autograd kernel]
AutogradXPU: registered at /dev/null:212 [autograd kernel]
AutogradHPU: registered at /dev/null:212 [autograd kernel]
AutogradVE: registered at /dev/null:212 [autograd kernel]
AutogradLazy: registered at /dev/null:212 [autograd kernel]
AutogradMTIA: registered at /dev/null:212 [autograd kernel]
AutogradMAIA: registered at /dev/null:212 [autograd kernel]
AutogradPrivateUse1: registered at /dev/null:212 [autograd kernel]
AutogradPrivateUse2: registered at /dev/null:212 [autograd kernel]
AutogradPrivateUse3: registered at /dev/null:212 [autograd kernel]
AutogradMeta: registered at /dev/null:212 [autograd kernel]
AutogradNestedTensor: registered at /dev/null:212 [autograd kernel]
Tracer: registered at 
C:\actions-runner\_work\pytorch\pytorch\pytorch\torch\csrc\autograd\TraceTypeManual.cpp:294 [backend 
fallback]
AutocastCPU: fallthrough registered at 
C:\actions-runner\_work\pytorch\pytorch\pytorch\aten\src\ATen\autocast_mode.cpp:322 [backend fallback]
AutocastMTIA: fallthrough registered at 
C:\actions-runner\_work\pytorch\pytorch\pytorch\aten\src\ATen\autocast_mode.cpp:466 [backend fallback]
AutocastMAIA: fallthrough registered at 
C:\actions-runner\_work\pytorch\pytorch\pytorch\aten\src\ATen\autocast_mode.cpp:504 [backend fallback]
AutocastXPU: fallthrough registered at 
C:\actions-runner\_work\pytorch\pytorch\pytorch\aten\src\ATen\autocast_mode.cpp:542 [backend fallback]
AutocastMPS: fallthrough registered at 
C:\actions-runner\_work\pytorch\pytorch\pytorch\aten\src\ATen\autocast_mode.cpp:209 [backend fallback]
AutocastCUDA: fallthrough registered at 
C:\actions-runner\_work\pytorch\pytorch\pytorch\aten\src\ATen\autocast_mode.cpp:165 [backend fallback]
FuncTorchBatched: registered at C:\actions-runner\_work\pytorch\pytorch\pytorch\aten\src\ATen\functorc
h\LegacyBatchingRegistrations.cpp:731 [backend fallback]
BatchedNestedTensor: registered at C:\actions-runner\_work\pytorch\pytorch\pytorch\aten\src\ATen\funct
orch\LegacyBatchingRegistrations.cpp:758 [backend fallback]
FuncTorchVmapMode: fallthrough registered at 
C:\actions-runner\_work\pytorch\pytorch\pytorch\aten\src\ATen\functorch\VmapModeRegistrations.cpp:27 
[backend fallback]
Batched: registered at 
C:\actions-runner\_work\pytorch\pytorch\pytorch\aten\src\ATen\LegacyBatchingRegistrations.cpp:1075 
[backend fallback]
VmapMode: fallthrough registered at 
C:\actions-runner\_work\pytorch\pytorch\pytorch\aten\src\ATen\VmapModeRegistrations.cpp:33 [backend 
fallback]
FuncTorchGradWrapper: registered at 
C:\actions-runner\_work\pytorch\pytorch\pytorch\aten\src\ATen\functorch\TensorWrapper.cpp:210 
[backend fallback]
PythonTLSSnapshot: registered at 
C:\actions-runner\_work\pytorch\pytorch\pytorch\aten\src\ATen\core\PythonFallbackKernel.cpp:202 
[backend fallback]
FuncTorchDynamicLayerFrontMode: registered at 
C:\actions-runner\_work\pytorch\pytorch\pytorch\aten\src\ATen\functorch\DynamicLayer.cpp:475 [backend 
fallback]
PreDispatch: registered at 
C:\actions-runner\_work\pytorch\pytorch\pytorch\aten\src\ATen\core\PythonFallbackKernel.cpp:206 
[backend fallback]
PythonDispatcher: registered at 
C:\actions-runner\_work\pytorch\pytorch\pytorch\aten\src\ATen\core\PythonFallbackKernel.cpp:198 
[backend fallback]


During handling of the above exception, another exception occurred:

Traceback (most recent call last):
  File 
"D:\@home\aero\comfy\ComfyUI\custom_nodes\ComfyUI-TRELLIS2\tests\test_gguf_inference_robustness.py", 
line 98, in test_sparse_attention_with_ggml_inputs
    self.fail(f"Attention forward pass failed with GGMLTensor parameters: {e}")
AssertionError: Attention forward pass failed with GGMLTensor parameters: Could not run 
'flash_attn::_flash_attn_varlen_forward' with arguments from the 'CPU' backend. This could be because 
the operator doesn't exist for this backend, or was omitted during the selective/custom build process 
(if using custom build). If you are a Facebook employee using PyTorch on mobile, please visit 
https://fburl.com/ptmfixes for possible resolutions. 'flash_attn::_flash_attn_varlen_forward' is only 
available for these backends: [CUDA, Meta, BackendSelect, Python, FuncTorchDynamicLayerBackMode, 
Functionalize, Named, Conjugate, Negative, ZeroTensor, ADInplaceOrView, AutogradOther, AutogradCPU, 
AutogradCUDA, AutogradHIP, AutogradXLA, AutogradMPS, AutogradIPU, AutogradXPU, AutogradHPU, 
AutogradVE, AutogradLazy, AutogradMTIA, AutogradMAIA, AutogradPrivateUse1, AutogradPrivateUse2, 
AutogradPrivateUse3, AutogradMeta, AutogradNestedTensor, Tracer, AutocastCPU, AutocastMTIA, 
AutocastMAIA, AutocastXPU, AutocastMPS, AutocastCUDA, FuncTorchBatched, BatchedNestedTensor, 
FuncTorchVmapMode, Batched, VmapMode, FuncTorchGradWrapper, PythonTLSSnapshot, 
FuncTorchDynamicLayerFrontMode, PreDispatch, PythonDispatcher].

CUDA: registered at /dev/null:212 [kernel]
Meta: registered at /dev/null:212 [kernel]
BackendSelect: fallthrough registered at 
C:\actions-runner\_work\pytorch\pytorch\pytorch\aten\src\ATen\core\BackendSelectFallbackKernel.cpp:3 
[backend fallback]
Python: registered at 
C:\actions-runner\_work\pytorch\pytorch\pytorch\aten\src\ATen\core\PythonFallbackKernel.cpp:194 
[backend fallback]
FuncTorchDynamicLayerBackMode: registered at 
C:\actions-runner\_work\pytorch\pytorch\pytorch\aten\src\ATen\functorch\DynamicLayer.cpp:479 [backend 
fallback]
Functionalize: registered at 
C:\actions-runner\_work\pytorch\pytorch\pytorch\aten\src\ATen\FunctionalizeFallbackKernel.cpp:375 
[backend fallback]
Named: registered at 
C:\actions-runner\_work\pytorch\pytorch\pytorch\aten\src\ATen\core\NamedRegistrations.cpp:7 [backend 
fallback]
Conjugate: registered at 
C:\actions-runner\_work\pytorch\pytorch\pytorch\aten\src\ATen\ConjugateFallback.cpp:17 [backend 
fallback]
Negative: registered at 
C:\actions-runner\_work\pytorch\pytorch\pytorch\aten\src\ATen\native\NegateFallback.cpp:18 [backend 
fallback]
ZeroTensor: registered at 
C:\actions-runner\_work\pytorch\pytorch\pytorch\aten\src\ATen\ZeroTensorFallback.cpp:86 [backend 
fallback]
ADInplaceOrView: fallthrough registered at 
C:\actions-runner\_work\pytorch\pytorch\pytorch\aten\src\ATen\core\VariableFallbackKernel.cpp:104 
[backend fallback]
AutogradOther: registered at /dev/null:212 [autograd kernel]
AutogradCPU: registered at /dev/null:212 [autograd kernel]
AutogradCUDA: registered at /dev/null:212 [autograd kernel]
AutogradHIP: registered at /dev/null:212 [autograd kernel]
AutogradXLA: registered at /dev/null:212 [autograd kernel]
AutogradMPS: registered at /dev/null:212 [autograd kernel]
AutogradIPU: registered at /dev/null:212 [autograd kernel]
AutogradXPU: registered at /dev/null:212 [autograd kernel]
AutogradHPU: registered at /dev/null:212 [autograd kernel]
AutogradVE: registered at /dev/null:212 [autograd kernel]
AutogradLazy: registered at /dev/null:212 [autograd kernel]
AutogradMTIA: registered at /dev/null:212 [autograd kernel]
AutogradMAIA: registered at /dev/null:212 [autograd kernel]
AutogradPrivateUse1: registered at /dev/null:212 [autograd kernel]
AutogradPrivateUse2: registered at /dev/null:212 [autograd kernel]
AutogradPrivateUse3: registered at /dev/null:212 [autograd kernel]
AutogradMeta: registered at /dev/null:212 [autograd kernel]
AutogradNestedTensor: registered at /dev/null:212 [autograd kernel]
Tracer: registered at 
C:\actions-runner\_work\pytorch\pytorch\pytorch\torch\csrc\autograd\TraceTypeManual.cpp:294 [backend 
fallback]
AutocastCPU: fallthrough registered at 
C:\actions-runner\_work\pytorch\pytorch\pytorch\aten\src\ATen\autocast_mode.cpp:322 [backend fallback]
AutocastMTIA: fallthrough registered at 
C:\actions-runner\_work\pytorch\pytorch\pytorch\aten\src\ATen\autocast_mode.cpp:466 [backend fallback]
AutocastMAIA: fallthrough registered at 
C:\actions-runner\_work\pytorch\pytorch\pytorch\aten\src\ATen\autocast_mode.cpp:504 [backend fallback]
AutocastXPU: fallthrough registered at 
C:\actions-runner\_work\pytorch\pytorch\pytorch\aten\src\ATen\autocast_mode.cpp:542 [backend fallback]
AutocastMPS: fallthrough registered at 
C:\actions-runner\_work\pytorch\pytorch\pytorch\aten\src\ATen\autocast_mode.cpp:209 [backend fallback]
AutocastCUDA: fallthrough registered at 
C:\actions-runner\_work\pytorch\pytorch\pytorch\aten\src\ATen\autocast_mode.cpp:165 [backend fallback]
FuncTorchBatched: registered at C:\actions-runner\_work\pytorch\pytorch\pytorch\aten\src\ATen\functorc
h\LegacyBatchingRegistrations.cpp:731 [backend fallback]
BatchedNestedTensor: registered at C:\actions-runner\_work\pytorch\pytorch\pytorch\aten\src\ATen\funct
orch\LegacyBatchingRegistrations.cpp:758 [backend fallback]
FuncTorchVmapMode: fallthrough registered at 
C:\actions-runner\_work\pytorch\pytorch\pytorch\aten\src\ATen\functorch\VmapModeRegistrations.cpp:27 
[backend fallback]
Batched: registered at 
C:\actions-runner\_work\pytorch\pytorch\pytorch\aten\src\ATen\LegacyBatchingRegistrations.cpp:1075 
[backend fallback]
VmapMode: fallthrough registered at 
C:\actions-runner\_work\pytorch\pytorch\pytorch\aten\src\ATen\VmapModeRegistrations.cpp:33 [backend 
fallback]
FuncTorchGradWrapper: registered at 
C:\actions-runner\_work\pytorch\pytorch\pytorch\aten\src\ATen\functorch\TensorWrapper.cpp:210 
[backend fallback]
PythonTLSSnapshot: registered at 
C:\actions-runner\_work\pytorch\pytorch\pytorch\aten\src\ATen\core\PythonFallbackKernel.cpp:202 
[backend fallback]
FuncTorchDynamicLayerFrontMode: registered at 
C:\actions-runner\_work\pytorch\pytorch\pytorch\aten\src\ATen\functorch\DynamicLayer.cpp:475 [backend 
fallback]
PreDispatch: registered at 
C:\actions-runner\_work\pytorch\pytorch\pytorch\aten\src\ATen\core\PythonFallbackKernel.cpp:206 
[backend fallback]
PythonDispatcher: registered at 
C:\actions-runner\_work\pytorch\pytorch\pytorch\aten\src\ATen\core\PythonFallbackKernel.cpp:198 
[backend fallback]


----------------------------------------------------------------------
Ran 4 tests in 2.013s

FAILED (failures=2, errors=1)
[SPARSE] Auto-detected conv backend: flex_gemm
[SPARSE] Auto-detected attention backend: flash_attn
